I'm sorry, but errors were detected in your script. Please correct the
errors listed below, and try again.


File "game/items/item-screens.rpy", line 180: keyword argument 'yalign' is incompatible with 'pos'.
    label "[tooltip!t]" pos (40,20) yalign .96
                                          ^

Ren'Py Version: Ren'Py 8.3.4.24120703
Sun Mar  9 09:38:53 2025
